원숭이도 이해할 수 있는 Git 명령어
add: 변경 사항을 만들어서 인덱스에 등록해보기
commit: 인덱스 상태를 기록하기 
$ git add myfile.txt
$ git commit -m "commit의 설명 추가"
[issue2 8f7aa27] commit의 설명 추가
pull: 원격 저장소의 내용을 가져오기 
$ git add myfile.txt
$ git commit -m "pull 설명을 추가"
[issue3 e5f91ac] pull 설명을 추가
 1 files changed, 2 insertions(+), 0 deletions(-)
